#
# There is insufficient memory for the Java Runtime Environment to continue.
# Native memory allocation (mmap) failed to map 65536 bytes. Error detail: Failed to commit metaspace.
# Possible reasons:
#   The system is out of physical RAM or swap space
#   This process is running with CompressedOops enabled, and the Java Heap may be blocking the growth of the native heap
# Possible solutions:
#   Reduce memory load on the system
#   Increase physical memory or swap space
#   Check if swap backing store is full
#   Decrease Java heap size (-Xmx/-Xms)
#   Decrease number of Java threads
#   Decrease Java thread stack sizes (-Xss)
#   Set larger code cache with -XX:ReservedCodeCacheSize=
#   JVM is running with Zero Based Compressed Oops mode in which the Java heap is
#     placed in the first 32GB address space. The Java Heap base address is the
#     maximum limit for the native heap growth. Please use -XX:HeapBaseMinAddress
#     to set the Java Heap base and to place the Java Heap above 32GB virtual address.
# This output file may be truncated or incomplete.
#
#  Out of Memory Error (virtualSpaceNode.cpp:112), pid=23756, tid=22132
#
# JRE version: Java(TM) SE Runtime Environment (22.0.2+9) (build 22.0.2+9-70)
# Java VM: Java HotSpot(TM) 64-Bit Server VM (22.0.2+9-70, mixed mode, emulated-client, sharing, tiered, compressed oops, compressed class ptrs, g1 gc, windows-amd64)
# No core dump will be written. Minidumps are not enabled by default on client versions of Windows
#

---------------  S U M M A R Y ------------

Command Line: -XX:TieredStopAtLevel=1 com.example.nhungtrinhstore.NhungtrinhstoreApplication

Host: AMD Ryzen 7 6800H with Radeon Graphics         , 16 cores, 15G,  Windows 11 , 64 bit Build 26100 (10.0.26100.9549)
Time: Sat Oct  3 08:23:12 2026 SE Asia Standard Time elapsed time: 0.310872 seconds (0d 0h 0m 0s)

---------------  T H R E A D  ---------------

Current thread (0x0000020cd6bdaf70):  JavaThread "main"             [_thread_in_vm, id=22132, stack(0x000000e652300000,0x000000e652400000) (1024K)]

Stack: [0x000000e652300000,0x000000e652400000]
Native frames: (J=compiled Java code, j=interpreted, Vv=VM code, C=native code)
V  [jvm.dll+0x6e26e9]  (no source info available)
V  [jvm.dll+0x875753]  (no source info available)
V  [jvm.dll+0x877b7e]  (no source info available)
V  [jvm.dll+0x878253]  (no source info available)
V  [jvm.dll+0x27fc86]  (no source info available)
V  [jvm.dll+0x87139e]  (no source info available)
V  [jvm.dll+0x685755]  (no source info available)
V  [jvm.dll+0x1e3cdc]  (no source info available)
V  [jvm.dll+0x1e3aae]  (no source info available)
V  [jvm.dll+0x6880a8]  (no source info available)
V  [jvm.dll+0x224f6c]  (no source info available)
V  [jvm.dll+0x68616e]  (no source info available)
V  [jvm.dll+0x269dbf]  (no source info available)
V  [jvm.dll+0x6903c4]  (no source info available)
V  [jvm.dll+0x2151c1]  (no source info available)
V  [jvm.dll+0x21564a]  (no source info available)
V  [jvm.dll+0x216071]  (no source info available)
V  [jvm.dll+0x20b3ae]  (no source info available)
V  [jvm.dll+0x5c4a8f]  (no source info available)
V  [jvm.dll+0x7ec826]  (no source info available)
V  [jvm.dll+0x47ce96]  (no source info available)
V  [jvm.dll+0x482d48]  (no source info available)
C  [java.dll+0x17e4]  (no source info available)
C  0x0000020ce125ca2e  (no source info available)

The last pc belongs to native method entry point (kind = native) (printed below).
Java frames: (J=compiled Java code, j=interpreted, Vv=VM code)
j  java.lang.ClassLoader.defineClass1(Ljava/lang/ClassLoader;Ljava/lang/String;[BIILjava/security/ProtectionDomain;Ljava/lang/String;)Ljava/lang/Class;+0 java.base@22.0.2
j  java.lang.ClassLoader.defineClass(Ljava/lang/String;[BIILjava/security/ProtectionDomain;)Ljava/lang/Class;+27 java.base@22.0.2
j  java.security.SecureClassLoader.defineClass(Ljava/lang/String;[BIILjava/security/CodeSource;)Ljava/lang/Class;+12 java.base@22.0.2
j  jdk.internal.loader.BuiltinClassLoader.defineClass(Ljava/lang/String;Ljdk/internal/loader/Resource;)Ljava/lang/Class;+117 java.base@22.0.2
j  jdk.internal.loader.BuiltinClassLoader.findClassOnClassPathOrNull(Ljava/lang/String;)Ljava/lang/Class;+37 java.base@22.0.2
j  jdk.internal.loader.BuiltinClassLoader.loadClassOrNull(Ljava/lang/String;Z)Ljava/lang/Class;+111 java.base@22.0.2
j  jdk.internal.loader.BuiltinClassLoader.loadClass(Ljava/lang/String;Z)Ljava/lang/Class;+3 java.base@22.0.2
j  jdk.internal.loader.ClassLoaders$AppClassLoader.loadClass(Ljava/lang/String;Z)Ljava/lang/Class;+36 java.base@22.0.2
j  java.lang.ClassLoader.loadClass(Ljava/lang/String;)Ljava/lang/Class;+3 java.base@22.0.2
v  ~StubRoutines::call_stub 0x0000020ce125100d
j  com.example.nhungtrinhstore.NhungtrinhstoreApplication.main([Ljava/lang/String;)V+3
v  ~StubRoutines::call_stub 0x0000020ce125100d
native method entry point (kind = native)  [0x0000020ce125c640, 0x0000020ce125d128]  2792 bytes
[MachCode]
  0x0000020ce125c640: 488b 4b08 | 0fb7 492e | 584c 8d74 | ccf8 6800 | 0000 0068 | 0000 0000 | 5055 488b | ec41 5568 
  0x0000020ce125c660: 0000 0000 | 4c8b 6b08 | 4d8d 6d38 | 5348 8b53 | 0848 8b52 | 0848 8b52 | 1848 8b52 | 7048 8b12 
  0x0000020ce125c680: 5268 0000 | 0000 488b | 5308 488b | 5208 488b | 5210 5249 | 8bc6 482b | c548 c1e8 | 0350 6800 
  0x0000020ce125c6a0: 0000 0068 | f7ff ffff | 41c6 8781 | 0400 0001 | 488b 4318 | 4885 c00f | 85b0 0000 | 00e8 0500 
  0x0000020ce125c6c0: 0000 e999 | 0000 0048 | 8bd3 488d | 4424 084c | 896d c049 | 8bcf c5f8 | 7749 89af | b003 0000 
  0x0000020ce125c6e0: 4989 87a0 | 0300 0048 | 83ec 2040 | f6c4 0f0f | 8419 0000 | 0048 83ec | 0848 b800 | a72b e2fc 
  0x0000020ce125c700: 7f00 00ff | d048 83c4 | 08e9 0c00 | 0000 48b8 | 00a7 2be2 | fc7f 0000 | ffd0 4883 | c420 49c7 
  0x0000020ce125c720: 87a0 0300 | 0000 0000 | 0049 c787 | b003 0000 | 0000 0000 | 49c7 87a8 | 0300 0000 | 0000 00c5 
  0x0000020ce125c740: f877 4983 | 7f08 000f | 8405 0000 | 00e9 ae47 | ffff 4c8b | 6dc0 4c8b | 75c8 4e8d | 74f5 00c3 
  0x0000020ce125c760: 488b 4318 | 4885 c00f | 8412 0000 | 008b 4808 | 83c1 0289 | 4808 2348 | 1c0f 84f7 | 0800 0049 
  0x0000020ce125c780: 3ba7 f004 | 0000 0f87 | 4800 0000 | 8984 2400 | f0ff ff89 | 8424 00e0 | ffff 8984 | 2400 d0ff 
  0x0000020ce125c7a0: ff89 8424 | 00c0 ffff | 8984 2400 | b0ff ff89 | 8424 00a0 | ffff 8984 | 2400 90ff | ff89 8424 
  0x0000020ce125c7c0: 0080 ffff | 493b a7e8 | 0400 0076 | 0749 89a7 | f004 0000 | 41c6 8781 | 0400 0000 | 49ba 6c40 
  0x0000020ce125c7e0: b2e2 fc7f | 0000 4180 | 3a00 0f84 | 3e00 0000 | 488b 55e8 | 498b cf48 | 83ec 2040 | f6c4 0f0f 
  0x0000020ce125c800: 8419 0000 | 0048 83ec | 0848 b880 | b962 e2fc | 7f00 00ff | d048 83c4 | 08e9 0c00 | 0000 48b8 
  0x0000020ce125c820: 80b9 62e2 | fc7f 0000 | ffd0 4883 | c420 488b | 5de8 4c8b | 5b08 450f | b75b 2e41 | c1e3 0349 
  0x0000020ce125c840: 2be3 4883 | ec20 4883 | e4f0 4c8b | 5b60 4d85 | db0f 85ab | 0000 00e8 | 0500 0000 | e999 0000 
  0x0000020ce125c860: 0048 8bd3 | 488d 4424 | 084c 896d | c049 8bcf | c5f8 7749 | 89af b003 | 0000 4989 | 87a0 0300 
  0x0000020ce125c880: 0048 83ec | 2040 f6c4 | 0f0f 8419 | 0000 0048 | 83ec 0848 | b820 ce2b | e2fc 7f00 | 00ff d048 
  0x0000020ce125c8a0: 83c4 08e9 | 0c00 0000 | 48b8 20ce | 2be2 fc7f | 0000 ffd0 | 4883 c420 | 49c7 87a0 | 0300 0000 
  0x0000020ce125c8c0: 0000 0049 | c787 b003 | 0000 0000 | 0000 49c7 | 87a8 0300 | 0000 0000 | 00c5 f877 | 4983 7f08 
  0x0000020ce125c8e0: 000f 8405 | 0000 00e9 | 1446 ffff | 4c8b 6dc0 | 4c8b 75c8 | 4e8d 74f5 | 00c3 488b | 5de8 4c8b 
  0x0000020ce125c900: 5b60 41ff | d348 8b5d | e848 8945 | 1844 8b5b | 2841 f6c3 | 080f 841b | 0000 004c | 8b5b 084d 
  0x0000020ce125c920: 8b5b 084d | 8b5b 184d | 8b5b 704d | 8b1b 4c89 | 5d10 488d | 5510 488b | 4358 49ba | 8010 63e2 
  0x0000020ce125c940: fc7f 0000 | 493b c20f | 85ab 0000 | 00e8 0500 | 0000 e999 | 0000 0048 | 8bd3 488d | 4424 084c 
  0x0000020ce125c960: 896d c049 | 8bcf c5f8 | 7749 89af | b003 0000 | 4989 87a0 | 0300 0048 | 83ec 2040 | f6c4 0f0f 
  0x0000020ce125c980: 8419 0000 | 0048 83ec | 0848 b820 | ce2b e2fc | 7f00 00ff | d048 83c4 | 08e9 0c00 | 0000 48b8 
  0x0000020ce125c9a0: 20ce 2be2 | fc7f 0000 | ffd0 4883 | c420 49c7 | 87a0 0300 | 0000 0000 | 0049 c787 | b003 0000 
  0x0000020ce125c9c0: 0000 0000 | 49c7 87a8 | 0300 0000 | 0000 00c5 | f877 4983 | 7f08 000f | 8405 0000 | 00e9 1e45 
  0x0000020ce125c9e0: ffff 4c8b | 6dc0 4c8b | 75c8 4e8d | 74f5 00c3 | 488b 5de8 | 488b 4358 | 498d 8fc0 | 0300 00c5 
  0x0000020ce125ca00: f877 4989 | afb0 0300 | 0049 baff | c925 e10c | 0200 004d | 8997 a803 | 0000 4989 | a7a0 0300 
  0x0000020ce125ca20: 0041 c787 | 5404 0000 | 0400 0000 | ffd0 c5f8 | 7748 83ec | 10c5 fb11 | 0424 4883 | ec10 4889 
  0x0000020ce125ca40: 0424 48c7 | 4424 0800 | 0000 0041 | c787 5404 | 0000 0500 | 0000 f083 | 4424 c000 | 493b af58 
  0x0000020ce125ca60: 0400 000f | 870e 0000 | 0041 83bf | 5004 0000 | 000f 8420 | 0000 0049 | 8bcf 4c8b | e448 83ec 
  0x0000020ce125ca80: 2048 83e4 | f048 b840 | 232d e2fc | 7f00 00ff | d049 8be4 | 4d33 e441 | c787 5404 | 0000 0800 
  0x0000020ce125caa0: 0000 49c7 | 87a0 0300 | 0000 0000 | 0049 c787 | b003 0000 | 0000 0000 | 49c7 87a8 | 0300 0000 
  0x0000020ce125cac0: 0000 00c5 | f877 4d8b | 9f30 0400 | 0041 c783 | 0001 0000 | 0000 0000 | 49bb baa1 | 25e1 0c02 
  0x0000020ce125cae0: 0000 4c3b | 5d18 0f85 | 2402 0000 | 488b 0424 | 4883 c410 | 4885 c00f | 84fe 0100 | 00a8 030f 
  0x0000020ce125cb00: 8508 0000 | 0048 8b00 | e9ee 0100 | 00a8 010f | 8509 0000 | 0048 8b40 | fee9 dd01 | 0000 488b 
  0x0000020ce125cb20: 40ff 4180 | 7f38 000f | 84ce 0100 | 0048 83f8 | 000f 84c4 | 0100 004d | 8b5f 2849 | 83fb 000f 
  0x0000020ce125cb40: 8414 0000 | 0049 83eb | 084d 895f | 284d 035f | 3049 8903 | e9a2 0100 | 0048 81ec | d000 0000 
  0x0000020ce125cb60: 4889 0424 | 4889 4c24 | 0848 8954 | 2410 4889 | 7424 1848 | 897c 2420 | 4c89 4424 | 284c 894c 
  0x0000020ce125cb80: 2430 4c89 | 5424 384c | 895c 2440 | c5fb 1144 | 2450 c5fb | 114c 2458 | c5fb 1154 | 2460 c5fb 
  0x0000020ce125cba0: 115c 2468 | c5fb 1164 | 2470 c5fb | 116c 2478 | c5fb 11b4 | 2480 0000 | 00c5 fb11 | bc24 8800 
  0x0000020ce125cbc0: 0000 c57b | 1184 2490 | 0000 00c5 | 7b11 8c24 | 9800 0000 | c57b 1194 | 24a0 0000 | 00c5 7b11 
  0x0000020ce125cbe0: 9c24 a800 | 0000 c57b | 11a4 24b0 | 0000 00c5 | 7b11 ac24 | b800 0000 | c57b 11b4 | 24c0 0000 
  0x0000020ce125cc00: 00c5 7b11 | bc24 c800 | 0000 498b | d748 8bc8 | 4883 ec20 | 40f6 c40f | 0f84 1900 | 0000 4883 
  0x0000020ce125cc20: ec08 48b8 | 303f 20e2 | fc7f 0000 | ffd0 4883 | c408 e90c | 0000 0048 | b830 3f20 | e2fc 7f00 
  0x0000020ce125cc40: 00ff d048 | 83c4 20c5 | 7b10 bc24 | c800 0000 | c57b 10b4 | 24c0 0000 | 00c5 7b10 | ac24 b800 
  0x0000020ce125cc60: 0000 c57b | 10a4 24b0 | 0000 00c5 | 7b10 9c24 | a800 0000 | c57b 1094 | 24a0 0000 | 00c5 7b10 
  0x0000020ce125cc80: 8c24 9800 | 0000 c57b | 1084 2490 | 0000 00c5 | fb10 bc24 | 8800 0000 | c5fb 10b4 | 2480 0000 
  0x0000020ce125cca0: 00c5 fb10 | 6c24 78c5 | fb10 6424 | 70c5 fb10 | 5c24 68c5 | fb10 5424 | 60c5 fb10 | 4c24 58c5 
  0x0000020ce125ccc0: fb10 4424 | 504c 8b5c | 2440 4c8b | 5424 384c | 8b4c 2430 | 4c8b 4424 | 2848 8b7c | 2420 488b 
  0x0000020ce125cce0: 7424 1848 | 8b54 2410 | 488b 4c24 | 0848 8b04 | 2448 81c4 | d000 0000 | c5f8 7748 | 8945 1048 
  0x0000020ce125cd00: 83ec 1048 | 8904 2448 | c744 2408 | 0000 0000 | 4183 bfd0 | 0400 0002 | 0f85 bf00 | 0000 4881 
  0x0000020ce125cd20: ec80 0000 | 0048 8944 | 2478 4889 | 4c24 7048 | 8954 2468 | 4889 5c24 | 6048 896c | 2450 4889 
  0x0000020ce125cd40: 7424 4848 | 897c 2440 | 4c89 4424 | 384c 894c | 2430 4c89 | 5424 284c | 895c 2420 | 4c89 6424 
  0x0000020ce125cd60: 184c 896c | 2410 4c89 | 7424 084c | 893c 244c | 8be4 4883 | ec20 4883 | e4f0 48b8 | d0f1 62e2 
  0x0000020ce125cd80: fc7f 0000 | ffd0 498b | e44c 8b3c | 244c 8b74 | 2408 4c8b | 6c24 104c | 8b64 2418 | 4c8b 5c24 
  0x0000020ce125cda0: 204c 8b54 | 2428 4c8b | 4c24 304c | 8b44 2438 | 488b 7c24 | 4048 8b74 | 2448 488b | 6c24 5048 
  0x0000020ce125cdc0: 8b5c 2460 | 488b 5424 | 6848 8b4c | 2470 488b | 4424 7848 | 81c4 8000 | 0000 4d33 | e448 8b5d 
  0x0000020ce125cde0: e84c 8b6b | 084d 8d6d | 3849 837f | 0800 0f84 | bb00 0000 | e805 0000 | 00e9 9600 | 0000 488d 
  0x0000020ce125ce00: 4424 084c | 896d c049 | 8bcf c5f8 | 7749 89af | b003 0000 | 4989 87a0 | 0300 0048 | 83ec 2040 
  0x0000020ce125ce20: f6c4 0f0f | 8419 0000 | 0048 83ec | 0848 b860 | ec2b e2fc | 7f00 00ff | d048 83c4 | 08e9 0c00 
  0x0000020ce125ce40: 0000 48b8 | 60ec 2be2 | fc7f 0000 | ffd0 4883 | c420 49c7 | 87a0 0300 | 0000 0000 | 0049 c787 
  0x0000020ce125ce60: b003 0000 | 0000 0000 | 49c7 87a8 | 0300 0000 | 0000 00c5 | f877 4983 | 7f08 000f | 8405 0000 
  0x0000020ce125ce80: 00e9 7a40 | ffff 4c8b | 6dc0 4c8b | 75c8 4e8d | 74f5 00c3 | 48b9 c028 | 8ae2 fc7f | 0000 4883 
  0x0000020ce125cea0: e4f0 48b8 | 3099 51e2 | fc7f 0000 | ffd0 f444 | 8b5b 2841 | f6c3 200f | 8444 0100 | 0048 8d55 
  0x0000020ce125cec0: a84c 8b5a | 084d 85db | 0f85 bb00 | 0000 e805 | 0000 00e9 | 9600 0000 | 488d 4424 | 084c 896d 
  0x0000020ce125cee0: c049 8bcf | c5f8 7749 | 89af b003 | 0000 4989 | 87a0 0300 | 0048 83ec | 2040 f6c4 | 0f0f 8419 
  0x0000020ce125cf00: 0000 0048 | 83ec 0848 | b890 eb2b | e2fc 7f00 | 00ff d048 | 83c4 08e9 | 0c00 0000 | 48b8 90eb 
  0x0000020ce125cf20: 2be2 fc7f | 0000 ffd0 | 4883 c420 | 49c7 87a0 | 0300 0000 | 0000 0049 | c787 b003 | 0000 0000 
  0x0000020ce125cf40: 0000 49c7 | 87a8 0300 | 0000 0000 | 00c5 f877 | 4983 7f08 | 000f 8405 | 0000 00e9 | a03f ffff 
  0x0000020ce125cf60: 4c8b 6dc0 | 4c8b 75c8 | 4e8d 74f5 | 00c3 48b9 | c028 8ae2 | fc7f 0000 | 4883 e4f0 | 48b8 3099 
  0x0000020ce125cf80: 51e2 fc7f | 0000 ffd0 | f44c 896d | c048 8d02 | 4c8b 4a08 | 48c7 4208 | 0000 0000 | 4c8b 004d 
  0x0000020ce125cfa0: 85c0 0f84 | 0b00 0000 | f04d 0fb1 | 010f 850c | 0000 0049 | ff8f 5805 | 0000 e93e | 0000 004c 
  0x0000020ce125cfc0: 894a 0848 | 8bca 4883 | ec20 40f6 | c40f 0f84 | 1900 0000 | 4883 ec08 | 48b8 20be | 2be2 fc7f 
  0x0000020ce125cfe0: 0000 ffd0 | 4883 c408 | e90c 0000 | 0048 b820 | be2b e2fc | 7f00 00ff | d048 83c4 | 204c 8b6d 
  0x0000020ce125d000: c049 ba6c | 40b2 e2fc | 7f00 0041 | 803a 000f | 843e 0000 | 0048 8b55 | e849 8bcf | 4883 ec20 
  0x0000020ce125d020: 40f6 c40f | 0f84 1900 | 0000 4883 | ec08 48b8 | 80b9 62e2 | fc7f 0000 | ffd0 4883 | c408 e90c 
  0x0000020ce125d040: 0000 0048 | b880 b962 | e2fc 7f00 | 00ff d048 | 83c4 2048 | 8b04 2448 | 83c4 10c5 | fb10 0424 
  0x0000020ce125d060: 4883 c410 | 4c8b 5d18 | 41ff d34c | 8b5d f8c9 | 5f49 8be3 | ffe7 ba00 | 0000 00e8 | 0500 0000 
  0x0000020ce125d080: e996 0000 | 0048 8d44 | 2408 4c89 | 6dc0 498b | cfc5 f877 | 4989 afb0 | 0300 0049 | 8987 a003 
  0x0000020ce125d0a0: 0000 4883 | ec20 40f6 | c40f 0f84 | 1900 0000 | 4883 ec08 | 48b8 e0b1 | 2be2 fc7f | 0000 ffd0 
  0x0000020ce125d0c0: 4883 c408 | e90c 0000 | 0048 b8e0 | b12b e2fc | 7f00 00ff | d048 83c4 | 2049 c787 | a003 0000 
  0x0000020ce125d0e0: 0000 0000 | 49c7 87b0 | 0300 0000 | 0000 0049 | c787 a803 | 0000 0000 | 0000 c5f8 | 7749 837f 
  0x0000020ce125d100: 0800 0f84 | 0500 0000 | e9f3 3dff | ff4c 8b6d | c04c 8b75 | c84e 8d74 | f500 c348 | 8b5d e8e9 
  0x0000020ce125d120: 5bf6 ffff | 0f1f 4000 
[/MachCode]

---------------  P R O C E S S  ---------------

Threads class SMR info:
_java_thread_list=0x0000020cc5245cf0, length=12, elements={
0x0000020cd6bdaf70, 0x0000020cec596df0, 0x0000020cec597850, 0x0000020cec59ece0,
0x0000020cec5a1b00, 0x0000020cec5a2560, 0x0000020cec5a3fd0, 0x0000020cec5a6a40,
0x0000020cc52222f0, 0x0000020cc524c8b0, 0x0000020cc5287250, 0x0000020cc529b8e0
}

Java Threads: ( => current thread )
=>0x0000020cd6bdaf70 JavaThread "main"                              [_thread_in_vm, id=22132, stack(0x000000e652300000,0x000000e652400000) (1024K)]
  0x0000020cec596df0 JavaThread "Reference Handler"          daemon [_thread_blocked, id=22280, stack(0x000000e652b00000,0x000000e652c00000) (1024K)]
  0x0000020cec597850 JavaThread "Finalizer"                  daemon [_thread_blocked, id=11680, stack(0x000000e652c00000,0x000000e652d00000) (1024K)]
  0x0000020cec59ece0 JavaThread "Signal Dispatcher"          daemon [_thread_blocked, id=16308, stack(0x000000e652d00000,0x000000e652e00000) (1024K)]
  0x0000020cec5a1b00 JavaThread "Attach Listener"            daemon [_thread_blocked, id=17748, stack(0x000000e652e00000,0x000000e652f00000) (1024K)]
  0x0000020cec5a2560 JavaThread "Service Thread"             daemon [_thread_blocked, id=26568, stack(0x000000e652f00000,0x000000e653000000) (1024K)]
  0x0000020cec5a3fd0 JavaThread "Monitor Deflation Thread"   daemon [_thread_blocked, id=21044, stack(0x000000e653000000,0x000000e653100000) (1024K)]
  0x0000020cec5a6a40 JavaThread "C1 CompilerThread0"         daemon [_thread_blocked, id=15432, stack(0x000000e653100000,0x000000e653200000) (1024K)]
  0x0000020cc52222f0 JavaThread "C1 CompilerThread1"         daemon [_thread_blocked, id=9524, stack(0x000000e653200000,0x000000e653300000) (1024K)]
  0x0000020cc524c8b0 JavaThread "C1 CompilerThread2"         daemon [_thread_blocked, id=6948, stack(0x000000e653300000,0x000000e653400000) (1024K)]
  0x0000020cc5287250 JavaThread "Notification Thread"        daemon [_thread_blocked, id=14692, stack(0x000000e653400000,0x000000e653500000) (1024K)]
  0x0000020cc529b8e0 JavaThread "Common-Cleaner"             daemon [_thread_blocked, id=9492, stack(0x000000e653500000,0x000000e653600000) (1024K)]
Total: 12

Other Threads:
  0x0000020cec57c760 VMThread "VM Thread"                           [id=23640, stack(0x000000e652a00000,0x000000e652b00000) (1024K)]
  0x0000020cec55bee0 WatcherThread "VM Periodic Task Thread"        [id=23636, stack(0x000000e652900000,0x000000e652a00000) (1024K)]
  0x0000020cd8f6fd40 WorkerThread "GC Thread#0"                     [id=1212, stack(0x000000e652400000,0x000000e652500000) (1024K)]
  0x0000020cd8f820a0 ConcurrentGCThread "G1 Main Marker"            [id=6572, stack(0x000000e652500000,0x000000e652600000) (1024K)]
  0x0000020cd8f83350 WorkerThread "G1 Conc#0"                       [id=26384, stack(0x000000e652600000,0x000000e652700000) (1024K)]
  0x0000020cec4258a0 ConcurrentGCThread "G1 Refine#0"               [id=23592, stack(0x000000e652700000,0x000000e652800000) (1024K)]
  0x0000020cec427d90 ConcurrentGCThread "G1 Service"                [id=23596, stack(0x000000e652800000,0x000000e652900000) (1024K)]
Total: 7

Threads with active compile tasks:
Total: 0

VM state: not at safepoint (normal execution)

VM Mutex/Monitor currently owned by a thread:  ([mutex/lock_event])
[0x00007ffce2b4ab00] Metaspace_lock - owner thread: 0x0000020cd6bdaf70

Heap address: 0x000000070bc00000, size: 3908 MB, Compressed Oops mode: Zero based, Oop shift amount: 3

CDS archive(s) mapped at: [0x0000020c80000000-0x0000020c80c60000-0x0000020c80c60000), size 12976128, SharedBaseAddress: 0x0000020c80000000, ArchiveRelocationMode: 1.
Compressed class space mapped at: 0x0000020c81000000-0x0000020cc1000000, reserved size: 1073741824
Narrow klass base: 0x0000020c80000000, Narrow klass shift: 0, Narrow klass range: 0x41000000

GC Precious Log:
 CardTable entry size: 512
 Card Set container configuration: InlinePtr #cards 4 size 8 Array Of Cards #cards 16 size 48 Howl #buckets 8 coarsen threshold 3686 Howl Bitmap #cards 512 size 80 coarsen threshold 460 Card regions per heap region 1 cards per card region 4096
 CPUs: 16 total, 16 available
 Memory: 15628M
 Large Page Support: Disabled
 NUMA Support: Disabled
 Compressed Oops: Enabled (Zero based)
 Heap Region Size: 2M
 Heap Min Capacity: 8M
 Heap Initial Capacity: 246M
 Heap Max Capacity: 3908M
 Pre-touch: Disabled
 Parallel Workers: 13
 Concurrent Workers: 3
 Concurrent Refinement Workers: 13
 Periodic GC: Disabled

Heap:
 garbage-first heap   total reserved 4001792K, committed 251904K, used 6144K [0x000000070bc00000, 0x0000000800000000)
  region size 2048K, 5 young (10240K), 0 survivors (0K)
 Metaspace       used 280K, committed 384K, reserved 1114112K
  class space    used 32K, committed 128K, reserved 1048576K

Heap Regions: E=young(eden), S=young(survivor), O=old, HS=humongous(starts), HC=humongous(continues), CS=collection set, F=free, TAMS=top-at-mark-start, PB=parsable bottom
|   0|0x000000070bc00000, 0x000000070bc00000, 0x000000070be00000|  0%| F|  |TAMS 0x000000070bc00000| PB 0x000000070bc00000| Untracked |  0
|   1|0x000000070be00000, 0x000000070be00000, 0x000000070c000000|  0%| F|  |TAMS 0x000000070be00000| PB 0x000000070be00000| Untracked |  0
|   2|0x000000070c000000, 0x000000070c000000, 0x000000070c200000|  0%| F|  |TAMS 0x000000070c000000| PB 0x000000070c000000| Untracked |  0
|   3|0x000000070c200000, 0x000000070c200000, 0x000000070c400000|  0%| F|  |TAMS 0x000000070c200000| PB 0x000000070c200000| Untracked |  0
|   4|0x000000070c400000, 0x000000070c400000, 0x000000070c600000|  0%| F|  |TAMS 0x000000070c400000| PB 0x000000070c400000| Untracked |  0
|   5|0x000000070c600000, 0x000000070c600000, 0x000000070c800000|  0%| F|  |TAMS 0x000000070c600000| PB 0x000000070c600000| Untracked |  0
|   6|0x000000070c800000, 0x000000070c800000, 0x000000070ca00000|  0%| F|  |TAMS 0x000000070c800000| PB 0x000000070c800000| Untracked |  0
|   7|0x000000070ca00000, 0x000000070ca00000, 0x000000070cc00000|  0%| F|  |TAMS 0x000000070ca00000| PB 0x000000070ca00000| Untracked |  0
|   8|0x000000070cc00000, 0x000000070cc00000, 0x000000070ce00000|  0%| F|  |TAMS 0x000000070cc00000| PB 0x000000070cc00000| Untracked |  0
|   9|0x000000070ce00000, 0x000000070ce00000, 0x000000070d000000|  0%| F|  |TAMS 0x000000070ce00000| PB 0x000000070ce00000| Untracked |  0
|  10|0x000000070d000000, 0x000000070d000000, 0x000000070d200000|  0%| F|  |TAMS 0x000000070d000000| PB 0x000000070d000000| Untracked |  0
|  11|0x000000070d200000, 0x000000070d200000, 0x000000070d400000|  0%| F|  |TAMS 0x000000070d200000| PB 0x000000070d200000| Untracked |  0
|  12|0x000000070d400000, 0x000000070d400000, 0x000000070d600000|  0%| F|  |TAMS 0x000000070d400000| PB 0x000000070d400000| Untracked |  0
|  13|0x000000070d600000, 0x000000070d600000, 0x000000070d800000|  0%| F|  |TAMS 0x000000070d600000| PB 0x000000070d600000| Untracked |  0
|  14|0x000000070d800000, 0x000000070d800000, 0x000000070da00000|  0%| F|  |TAMS 0x000000070d800000| PB 0x000000070d800000| Untracked |  0
|  15|0x000000070da00000, 0x000000070da00000, 0x000000070dc00000|  0%| F|  |TAMS 0x000000070da00000| PB 0x000000070da00000| Untracked |  0
|  16|0x000000070dc00000, 0x000000070dc00000, 0x000000070de00000|  0%| F|  |TAMS 0x000000070dc00000| PB 0x000000070dc00000| Untracked |  0
|  17|0x000000070de00000, 0x000000070de00000, 0x000000070e000000|  0%| F|  |TAMS 0x000000070de00000| PB 0x000000070de00000| Untracked |  0
|  18|0x000000070e000000, 0x000000070e000000, 0x000000070e200000|  0%| F|  |TAMS 0x000000070e000000| PB 0x000000070e000000| Untracked |  0
|  19|0x000000070e200000, 0x000000070e200000, 0x000000070e400000|  0%| F|  |TAMS 0x000000070e200000| PB 0x000000070e200000| Untracked |  0
|  20|0x000000070e400000, 0x000000070e400000, 0x000000070e600000|  0%| F|  |TAMS 0x000000070e400000| PB 0x000000070e400000| Untracked |  0
|  21|0x000000070e600000, 0x000000070e600000, 0x000000070e800000|  0%| F|  |TAMS 0x000000070e600000| PB 0x000000070e600000| Untracked |  0
|  22|0x000000070e800000, 0x000000070e800000, 0x000000070ea00000|  0%| F|  |TAMS 0x000000070e800000| PB 0x000000070e800000| Untracked |  0
|  23|0x000000070ea00000, 0x000000070ea00000, 0x000000070ec00000|  0%| F|  |TAMS 0x000000070ea00000| PB 0x000000070ea00000| Untracked |  0
|  24|0x000000070ec00000, 0x000000070ec00000, 0x000000070ee00000|  0%| F|  |TAMS 0x000000070ec00000| PB 0x000000070ec00000| Untracked |  0
|  25|0x000000070ee00000, 0x000000070ee00000, 0x000000070f000000|  0%| F|  |TAMS 0x000000070ee00000| PB 0x000000070ee00000| Untracked |  0
|  26|0x000000070f000000, 0x000000070f000000, 0x000000070f200000|  0%| F|  |TAMS 0x000000070f000000| PB 0x000000070f000000| Untracked |  0
|  27|0x000000070f200000, 0x000000070f200000, 0x000000070f400000|  0%| F|  |TAMS 0x000000070f200000| PB 0x000000070f200000| Untracked |  0
|  28|0x000000070f400000, 0x000000070f400000, 0x000000070f600000|  0%| F|  |TAMS 0x000000070f400000| PB 0x000000070f400000| Untracked |  0
|  29|0x000000070f600000, 0x000000070f600000, 0x000000070f800000|  0%| F|  |TAMS 0x000000070f600000| PB 0x000000070f600000| Untracked |  0
|  30|0x000000070f800000, 0x000000070f800000, 0x000000070fa00000|  0%| F|  |TAMS 0x000000070f800000| PB 0x000000070f800000| Untracked |  0
|  31|0x000000070fa00000, 0x000000070fa00000, 0x000000070fc00000|  0%| F|  |TAMS 0x000000070fa00000| PB 0x000000070fa00000| Untracked |  0
|  32|0x000000070fc00000, 0x000000070fc00000, 0x000000070fe00000|  0%| F|  |TAMS 0x000000070fc00000| PB 0x000000070fc00000| Untracked |  0
|  33|0x000000070fe00000, 0x000000070fe00000, 0x0000000710000000|  0%| F|  |TAMS 0x000000070fe00000| PB 0x000000070fe00000| Untracked |  0
|  34|0x0000000710000000, 0x0000000710000000, 0x0000000710200000|  0%| F|  |TAMS 0x0000000710000000| PB 0x0000000710000000| Untracked |  0
|  35|0x0000000710200000, 0x0000000710200000, 0x0000000710400000|  0%| F|  |TAMS 0x0000000710200000| PB 0x0000000710200000| Untracked |  0
|  36|0x0000000710400000, 0x0000000710400000, 0x0000000710600000|  0%| F|  |TAMS 0x0000000710400000| PB 0x0000000710400000| Untracked |  0
|  37|0x0000000710600000, 0x0000000710600000, 0x0000000710800000|  0%| F|  |TAMS 0x0000000710600000| PB 0x0000000710600000| Untracked |  0
|  38|0x0000000710800000, 0x0000000710800000, 0x0000000710a00000|  0%| F|  |TAMS 0x0000000710800000| PB 0x0000000710800000| Untracked |  0
|  39|0x0000000710a00000, 0x0000000710a00000, 0x0000000710c00000|  0%| F|  |TAMS 0x0000000710a00000| PB 0x0000000710a00000| Untracked |  0
|  40|0x0000000710c00000, 0x0000000710c00000, 0x0000000710e00000|  0%| F|  |TAMS 0x0000000710c00000| PB 0x0000000710c00000| Untracked |  0
|  41|0x0000000710e00000, 0x0000000710e00000, 0x0000000711000000|  0%| F|  |TAMS 0x0000000710e00000| PB 0x0000000710e00000| Untracked |  0
|  42|0x0000000711000000, 0x0000000711000000, 0x0000000711200000|  0%| F|  |TAMS 0x0000000711000000| PB 0x0000000711000000| Untracked |  0
|  43|0x0000000711200000, 0x0000000711200000, 0x0000000711400000|  0%| F|  |TAMS 0x0000000711200000| PB 0x0000000711200000| Untracked |  0
|  44|0x0000000711400000, 0x0000000711400000, 0x0000000711600000|  0%| F|  |TAMS 0x0000000711400000| PB 0x0000000711400000| Untracked |  0
|  45|0x0000000711600000, 0x0000000711600000, 0x0000000711800000|  0%| F|  |TAMS 0x0000000711600000| PB 0x0000000711600000| Untracked |  0
|  46|0x0000000711800000, 0x0000000711800000, 0x0000000711a00000|  0%| F|  |TAMS 0x0000000711800000| PB 0x0000000711800000| Untracked |  0
|  47|0x0000000711a00000, 0x0000000711a00000, 0x0000000711c00000|  0%| F|  |TAMS 0x0000000711a00000| PB 0x0000000711a00000| Untracked |  0
|  48|0x0000000711c00000, 0x0000000711c00000, 0x0000000711e00000|  0%| F|  |TAMS 0x0000000711c00000| PB 0x0000000711c00000| Untracked |  0
|  49|0x0000000711e00000, 0x0000000711e00000, 0x0000000712000000|  0%| F|  |TAMS 0x0000000711e00000| PB 0x0000000711e00000| Untracked |  0
|  50|0x0000000712000000, 0x0000000712000000, 0x0000000712200000|  0%| F|  |TAMS 0x0000000712000000| PB 0x0000000712000000| Untracked |  0
|  51|0x0000000712200000, 0x0000000712200000, 0x0000000712400000|  0%| F|  |TAMS 0x0000000712200000| PB 0x0000000712200000| Untracked |  0
|  52|0x0000000712400000, 0x0000000712400000, 0x0000000712600000|  0%| F|  |TAMS 0x0000000712400000| PB 0x0000000712400000| Untracked |  0
|  53|0x0000000712600000, 0x0000000712600000, 0x0000000712800000|  0%| F|  |TAMS 0x0000000712600000| PB 0x0000000712600000| Untracked |  0
|  54|0x0000000712800000, 0x0000000712800000, 0x0000000712a00000|  0%| F|  |TAMS 0x0000000712800000| PB 0x0000000712800000| Untracked |  0
|  55|0x0000000712a00000, 0x0000000712a00000, 0x0000000712c00000|  0%| F|  |TAMS 0x0000000712a00000| PB 0x0000000712a00000| Untracked |  0
|  56|0x0000000712c00000, 0x0000000712c00000, 0x0000000712e00000|  0%| F|  |TAMS 0x0000000712c00000| PB 0x0000000712c00000| Untracked |  0
|  57|0x0000000712e00000, 0x0000000712e00000, 0x0000000713000000|  0%| F|  |TAMS 0x0000000712e00000| PB 0x0000000712e00000| Untracked |  0
|  58|0x0000000713000000, 0x0000000713000000, 0x0000000713200000|  0%| F|  |TAMS 0x0000000713000000| PB 0x0000000713000000| Untracked |  0
|  59|0x0000000713200000, 0x0000000713200000, 0x0000000713400000|  0%| F|  |TAMS 0x0000000713200000| PB 0x0000000713200000| Untracked |  0
|  60|0x0000000713400000, 0x0000000713400000, 0x0000000713600000|  0%| F|  |TAMS 0x0000000713400000| PB 0x0000000713400000| Untracked |  0
|  61|0x0000000713600000, 0x0000000713600000, 0x0000000713800000|  0%| F|  |TAMS 0x0000000713600000| PB 0x0000000713600000| Untracked |  0
|  62|0x0000000713800000, 0x0000000713800000, 0x0000000713a00000|  0%| F|  |TAMS 0x0000000713800000| PB 0x0000000713800000| Untracked |  0
|  63|0x0000000713a00000, 0x0000000713a00000, 0x0000000713c00000|  0%| F|  |TAMS 0x0000000713a00000| PB 0x0000000713a00000| Untracked |  0
|  64|0x0000000713c00000, 0x0000000713c00000, 0x0000000713e00000|  0%| F|  |TAMS 0x0000000713c00000| PB 0x0000000713c00000| Untracked |  0
|  65|0x0000000713e00000, 0x0000000713e00000, 0x0000000714000000|  0%| F|  |TAMS 0x0000000713e00000| PB 0x0000000713e00000| Untracked |  0
|  66|0x0000000714000000, 0x0000000714000000, 0x0000000714200000|  0%| F|  |TAMS 0x0000000714000000| PB 0x0000000714000000| Untracked |  0
|  67|0x0000000714200000, 0x0000000714200000, 0x0000000714400000|  0%| F|  |TAMS 0x0000000714200000| PB 0x0000000714200000| Untracked |  0
|  68|0x0000000714400000, 0x0000000714400000, 0x0000000714600000|  0%| F|  |TAMS 0x0000000714400000| PB 0x0000000714400000| Untracked |  0
|  69|0x0000000714600000, 0x0000000714600000, 0x0000000714800000|  0%| F|  |TAMS 0x0000000714600000| PB 0x0000000714600000| Untracked |  0
|  70|0x0000000714800000, 0x0000000714800000, 0x0000000714a00000|  0%| F|  |TAMS 0x0000000714800000| PB 0x0000000714800000| Untracked |  0
|  71|0x0000000714a00000, 0x0000000714a00000, 0x0000000714c00000|  0%| F|  |TAMS 0x0000000714a00000| PB 0x0000000714a00000| Untracked |  0
|  72|0x0000000714c00000, 0x0000000714c00000, 0x0000000714e00000|  0%| F|  |TAMS 0x0000000714c00000| PB 0x0000000714c00000| Untracked |  0
|  73|0x0000000714e00000, 0x0000000714e00000, 0x0000000715000000|  0%| F|  |TAMS 0x0000000714e00000| PB 0x0000000714e00000| Untracked |  0
|  74|0x0000000715000000, 0x0000000715000000, 0x0000000715200000|  0%| F|  |TAMS 0x0000000715000000| PB 0x0000000715000000| Untracked |  0
|  75|0x0000000715200000, 0x0000000715200000, 0x0000000715400000|  0%| F|  |TAMS 0x0000000715200000| PB 0x0000000715200000| Untracked |  0
|  76|0x0000000715400000, 0x0000000715400000, 0x0000000715600000|  0%| F|  |TAMS 0x0000000715400000| PB 0x0000000715400000| Untracked |  0
|  77|0x0000000715600000, 0x0000000715600000, 0x0000000715800000|  0%| F|  |TAMS 0x0000000715600000| PB 0x0000000715600000| Untracked |  0
|  78|0x0000000715800000, 0x0000000715800000, 0x0000000715a00000|  0%| F|  |TAMS 0x0000000715800000| PB 0x0000000715800000| Untracked |  0
|  79|0x0000000715a00000, 0x0000000715a00000, 0x0000000715c00000|  0%| F|  |TAMS 0x0000000715a00000| PB 0x0000000715a00000| Untracked |  0
|  80|0x0000000715c00000, 0x0000000715c00000, 0x0000000715e00000|  0%| F|  |TAMS 0x0000000715c00000| PB 0x0000000715c00000| Untracked |  0
|  81|0x0000000715e00000, 0x0000000715e00000, 0x0000000716000000|  0%| F|  |TAMS 0x0000000715e00000| PB 0x0000000715e00000| Untracked |  0
|  82|0x0000000716000000, 0x0000000716000000, 0x0000000716200000|  0%| F|  |TAMS 0x0000000716000000| PB 0x0000000716000000| Untracked |  0
|  83|0x0000000716200000, 0x0000000716200000, 0x0000000716400000|  0%| F|  |TAMS 0x0000000716200000| PB 0x0000000716200000| Untracked |  0
|  84|0x0000000716400000, 0x0000000716400000, 0x0000000716600000|  0%| F|  |TAMS 0x0000000716400000| PB 0x0000000716400000| Untracked |  0
|  85|0x0000000716600000, 0x0000000716600000, 0x0000000716800000|  0%| F|  |TAMS 0x0000000716600000| PB 0x0000000716600000| Untracked |  0
|  86|0x0000000716800000, 0x0000000716800000, 0x0000000716a00000|  0%| F|  |TAMS 0x0000000716800000| PB 0x0000000716800000| Untracked |  0
|  87|0x0000000716a00000, 0x0000000716a00000, 0x0000000716c00000|  0%| F|  |TAMS 0x0000000716a00000| PB 0x0000000716a00000| Untracked |  0
|  88|0x0000000716c00000, 0x0000000716c00000, 0x0000000716e00000|  0%| F|  |TAMS 0x0000000716c00000| PB 0x0000000716c00000| Untracked |  0
|  89|0x0000000716e00000, 0x0000000716e00000, 0x0000000717000000|  0%| F|  |TAMS 0x0000000716e00000| PB 0x0000000716e00000| Untracked |  0
|  90|0x0000000717000000, 0x0000000717000000, 0x0000000717200000|  0%| F|  |TAMS 0x0000000717000000| PB 0x0000000717000000| Untracked |  0
|  91|0x0000000717200000, 0x0000000717200000, 0x0000000717400000|  0%| F|  |TAMS 0x0000000717200000| PB 0x0000000717200000| Untracked |  0
|  92|0x0000000717400000, 0x0000000717400000, 0x0000000717600000|  0%| F|  |TAMS 0x0000000717400000| PB 0x0000000717400000| Untracked |  0
|  93|0x0000000717600000, 0x0000000717600000, 0x0000000717800000|  0%| F|  |TAMS 0x0000000717600000| PB 0x0000000717600000| Untracked |  0
|  94|0x0000000717800000, 0x0000000717800000, 0x0000000717a00000|  0%| F|  |TAMS 0x0000000717800000| PB 0x0000000717800000| Untracked |  0
|  95|0x0000000717a00000, 0x0000000717a00000, 0x0000000717c00000|  0%| F|  |TAMS 0x0000000717a00000| PB 0x0000000717a00000| Untracked |  0
|  96|0x0000000717c00000, 0x0000000717c00000, 0x0000000717e00000|  0%| F|  |TAMS 0x0000000717c00000| PB 0x0000000717c00000| Untracked |  0
|  97|0x0000000717e00000, 0x0000000717e00000, 0x0000000718000000|  0%| F|  |TAMS 0x0000000717e00000| PB 0x0000000717e00000| Untracked |  0
|  98|0x0000000718000000, 0x0000000718000000, 0x0000000718200000|  0%| F|  |TAMS 0x0000000718000000| PB 0x0000000718000000| Untracked |  0
|  99|0x0000000718200000, 0x0000000718200000, 0x0000000718400000|  0%| F|  |TAMS 0x0000000718200000| PB 0x0000000718200000| Untracked |  0
| 100|0x0000000718400000, 0x0000000718400000, 0x0000000718600000|  0%| F|  |TAMS 0x0000000718400000| PB 0x0000000718400000| Untracked |  0
| 101|0x0000000718600000, 0x0000000718600000, 0x0000000718800000|  0%| F|  |TAMS 0x0000000718600000| PB 0x0000000718600000| Untracked |  0
| 102|0x0000000718800000, 0x0000000718800000, 0x0000000718a00000|  0%| F|  |TAMS 0x0000000718800000| PB 0x0000000718800000| Untracked |  0
| 103|0x0000000718a00000, 0x0000000718a00000, 0x0000000718c00000|  0%| F|  |TAMS 0x0000000718a00000| PB 0x0000000718a00000| Untracked |  0
| 104|0x0000000718c00000, 0x0000000718c00000, 0x0000000718e00000|  0%| F|  |TAMS 0x0000000718c00000| PB 0x0000000718c00000| Untracked |  0
| 105|0x0000000718e00000, 0x0000000718e00000, 0x0000000719000000|  0%| F|  |TAMS 0x0000000718e00000| PB 0x0000000718e00000| Untracked |  0
| 106|0x0000000719000000, 0x0000000719000000, 0x0000000719200000|  0%| F|  |TAMS 0x0000000719000000| PB 0x0000000719000000| Untracked |  0
| 107|0x0000000719200000, 0x0000000719200000, 0x0000000719400000|  0%| F|  |TAMS 0x0000000719200000| PB 0x0000000719200000| Untracked |  0
| 108|0x0000000719400000, 0x0000000719400000, 0x0000000719600000|  0%| F|  |TAMS 0x0000000719400000| PB 0x0000000719400000| Untracked |  0
| 109|0x0000000719600000, 0x0000000719600000, 0x0000000719800000|  0%| F|  |TAMS 0x0000000719600000| PB 0x0000000719600000| Untracked |  0
| 110|0x0000000719800000, 0x0000000719800000, 0x0000000719a00000|  0%| F|  |TAMS 0x0000000719800000| PB 0x0000000719800000| Untracked |  0
| 111|0x0000000719a00000, 0x0000000719a00000, 0x0000000719c00000|  0%| F|  |TAMS 0x0000000719a00000| PB 0x0000000719a00000| Untracked |  0
| 112|0x0000000719c00000, 0x0000000719c00000, 0x0000000719e00000|  0%| F|  |TAMS 0x0000000719c00000| PB 0x0000000719c00000| Untracked |  0
| 113|0x0000000719e00000, 0x0000000719e00000, 0x000000071a000000|  0%| F|  |TAMS 0x0000000719e00000| PB 0x0000000719e00000| Untracked |  0
| 114|0x000000071a000000, 0x000000071a000000, 0x000000071a200000|  0%| F|  |TAMS 0x000000071a000000| PB 0x000000071a000000| Untracked |  0
| 115|0x000000071a200000, 0x000000071a200000, 0x000000071a400000|  0%| F|  |TAMS 0x000000071a200000| PB 0x000000071a200000| Untracked |  0
| 116|0x000000071a400000, 0x000000071a400000, 0x000000071a600000|  0%| F|  |TAMS 0x000000071a400000| PB 0x000000071a400000| Untracked |  0
| 117|0x000000071a600000, 0x000000071a600000, 0x000000071a800000|  0%| F|  |TAMS 0x000000071a600000| PB 0x000000071a600000| Untracked |  0
| 118|0x000000071a800000, 0x000000071a955c10, 0x000000071aa00000| 66%| E|  |TAMS 0x000000071a800000| PB 0x000000071a800000| Complete |  0
| 119|0x000000071aa00000, 0x000000071ac00000, 0x000000071ac00000|100%| E|CS|TAMS 0x000000071aa00000| PB 0x000000071aa00000| Complete |  0
| 120|0x000000071ac00000, 0x000000071ae00000, 0x000000071ae00000|100%| E|  |TAMS 0x000000071ac00000| PB 0x000000071ac00000| Complete |  0
| 121|0x000000071ae00000, 0x000000071b000000, 0x000000071b000000|100%| E|CS|TAMS 0x000000071ae00000| PB 0x000000071ae00000| Complete |  0
| 122|0x000000071b000000, 0x000000071b200000, 0x000000071b200000|100%| E|CS|TAMS 0x000000071b000000| PB 0x000000071b000000| Complete |  0

Card table byte_map: [0x0000020ce5060000,0x0000020ce5810000] _byte_map_base: 0x0000020ce1802000

Marking Bits: (CMBitMap*) 0x0000020cd8f70450
 Bits: [0x0000020ce5810000, 0x0000020ce9520000)

Polling page: 0x0000020cd6e90000

Metaspace:

Usage:
  Non-class:    247.72 KB used.
      Class:     32.70 KB used.
       Both:    280.42 KB used.

Virtual space:
  Non-class space:       64.00 MB reserved,     256.00 KB ( <1%) committed,  1 nodes.
      Class space:        1.00 GB reserved,     128.00 KB ( <1%) committed,  1 nodes.
             Both:        1.06 GB reserved,     384.00 KB ( <1%) committed. 

Chunk freelists:
   Non-Class:  11.86 MB
       Class:  15.72 MB
        Both:  27.58 MB

MaxMetaspaceSize: unlimited
CompressedClassSpaceSize: 1.00 GB
Initial GC threshold: 21.00 MB
Current GC threshold: 21.00 MB
CDS: on
 - commit_granule_bytes: 65536.
 - commit_granule_words: 8192.
 - virtual_space_node_default_size: 8388608.
 - enlarge_chunks_in_place: 1.
 - use_allocation_guard: 0.


Internal statistics:

num_allocs_failed_limit: 0.
num_arena_births: 4.
num_arena_deaths: 0.
num_vsnodes_births: 2.
num_vsnodes_deaths: 0.
num_space_committed: 6.
num_space_uncommitted: 0.
num_chunks_returned_to_freelist: 0.
num_chunks_taken_from_freelist: 15.
num_chunk_merges: 0.
num_chunk_splits: 7.
num_chunks_enlarged: 3.
num_inconsistent_stats: 0.

CodeCache: size=49152Kb used=2608Kb max_used=2608Kb free=46543Kb
 bounds [0x0000020ce1250000, 0x0000020ce14e0000, 0x0000020ce4250000]
 total_blobs=602 nmethods=280 adapters=245
 compilation: enabled
              stopped_count=0, restarted_count=0
 full_count=0

Compilation events (20 events):
Event: 0.298 Thread 0x0000020cc524c8b0  271       1       java.net.URL::getAuthority (5 bytes)
Event: 0.298 Thread 0x0000020cec5a6a40  272       1       java.net.URL::getPath (5 bytes)
Event: 0.298 Thread 0x0000020cc52222f0  273       1       java.net.URL::getQuery (5 bytes)
Event: 0.298 Thread 0x0000020cc524c8b0 nmethod 271 0x0000020ce14da210 code [0x0000020ce14da3a0, 0x0000020ce14da470]
Event: 0.298 Thread 0x0000020cc52222f0 nmethod 273 0x0000020ce14da510 code [0x0000020ce14da6a0, 0x0000020ce14da770]
Event: 0.298 Thread 0x0000020cc524c8b0  274       1       java.net.URL::getRef (5 bytes)
Event: 0.298 Thread 0x0000020cec5a6a40 nmethod 272 0x0000020ce14da810 code [0x0000020ce14da9a0, 0x0000020ce14daa70]
Event: 0.298 Thread 0x0000020cc524c8b0 nmethod 274 0x0000020ce14dab10 code [0x0000020ce14daca0, 0x0000020ce14dad70]
Event: 0.300 Thread 0x0000020cec5a6a40  275       1       java.lang.StringUTF16::compress (47 bytes)
Event: 0.300 Thread 0x0000020cec5a6a40 nmethod 275 0x0000020ce14dae10 code [0x0000020ce14dafc0, 0x0000020ce14db118]
Event: 0.304 Thread 0x0000020cc524c8b0  276       1       java.security.ProtectionDomain::getCodeSource (5 bytes)
Event: 0.304 Thread 0x0000020cc52222f0  277       1       java.util.concurrent.ConcurrentHashMap::setTabAt (20 bytes)
Event: 0.304 Thread 0x0000020cc524c8b0 nmethod 276 0x0000020ce14db290 code [0x0000020ce14db420, 0x0000020ce14db4f0]
Event: 0.304 Thread 0x0000020cc52222f0 nmethod 277 0x0000020ce14db590 code [0x0000020ce14db720, 0x0000020ce14db838]
Event: 0.305 Thread 0x0000020cc52222f0  278       1       java.lang.Class::getName (18 bytes)
Event: 0.306 Thread 0x0000020cc52222f0 nmethod 278 0x0000020ce14db890 code [0x0000020ce14dba20, 0x0000020ce14dbb18]
Event: 0.306 Thread 0x0000020cec5a6a40  279       1       java.util.zip.Inflater::ensureOpen (47 bytes)
Event: 0.306 Thread 0x0000020cec5a6a40 nmethod 279 0x0000020ce14dbb90 code [0x0000020ce14dbd40, 0x0000020ce14dbec0]
Event: 0.306 Thread 0x0000020cec5a6a40  280       1       java.lang.CharacterDataLatin1::equalsIgnoreCase (63 bytes)
Event: 0.307 Thread 0x0000020cec5a6a40 nmethod 280 0x0000020ce14dbf90 code [0x0000020ce14dc120, 0x0000020ce14dc288]

GC Heap History (0 events):
No events

Dll operation events (4 events):
Event: 0.014 Loaded shared library C:\Program Files\Java\jdk-22\bin\java.dll
Event: 0.158 Loaded shared library C:\Program Files\Java\jdk-22\bin\net.dll
Event: 0.161 Loaded shared library C:\Program Files\Java\jdk-22\bin\nio.dll
Event: 0.167 Loaded shared library C:\Program Files\Java\jdk-22\bin\zip.dll

Deoptimization events (0 events):
No events

Classes loaded (14 events):
Event: 0.057 Loading class sun/nio/cs/MS1258
Event: 0.057 Loading class sun/nio/cs/MS1258 done
Event: 0.058 Loading class sun/nio/cs/MS1258$Holder
Event: 0.058 Loading class sun/nio/cs/MS1258$Holder done
Event: 0.150 Loading class jdk/internal/loader/URLClassPath$FileLoader
Event: 0.150 Loading class jdk/internal/loader/URLClassPath$FileLoader done
Event: 0.151 Loading class jdk/internal/loader/URLClassPath$FileLoader$1
Event: 0.152 Loading class jdk/internal/loader/URLClassPath$FileLoader$1 done
Event: 0.280 Loading class java/util/EventObject
Event: 0.280 Loading class java/util/EventObject done
Event: 0.287 Loading class java/util/EventListener
Event: 0.288 Loading class java/util/EventListener done
Event: 0.297 Loading class java/lang/IllegalStateException
Event: 0.297 Loading class java/lang/IllegalStateException done

Classes unloaded (0 events):
No events

Classes redefined (0 events):
No events

Internal exceptions (0 events):
No events

ZGC Phase Switch (0 events):
No events

VM Operations (2 events):
Event: 0.175 Executing VM operation: HandshakeAllThreads (Deoptimize)
Event: 0.175 Executing VM operation: HandshakeAllThreads (Deoptimize) done

Memory protections (0 events):
No events

Nmethod flushes (0 events):
No events

Events (12 events):
Event: 0.045 Thread 0x0000020cd6bdaf70 Thread added: 0x0000020cd6bdaf70
Event: 0.062 Thread 0x0000020cd6bdaf70 Thread added: 0x0000020cec596df0
Event: 0.062 Thread 0x0000020cd6bdaf70 Thread added: 0x0000020cec597850
Event: 0.062 Thread 0x0000020cd6bdaf70 Thread added: 0x0000020cec59ece0
Event: 0.062 Thread 0x0000020cd6bdaf70 Thread added: 0x0000020cec5a1b00
Event: 0.062 Thread 0x0000020cd6bdaf70 Thread added: 0x0000020cec5a2560
Event: 0.062 Thread 0x0000020cd6bdaf70 Thread added: 0x0000020cec5a3fd0
Event: 0.063 Thread 0x0000020cd6bdaf70 Thread added: 0x0000020cec5a6a40
Event: 0.144 Thread 0x0000020cec5a6a40 Thread added: 0x0000020cc52222f0
Event: 0.146 Thread 0x0000020cec5a6a40 Thread added: 0x0000020cc524c8b0
Event: 0.149 Thread 0x0000020cd6bdaf70 Thread added: 0x0000020cc5287250
Event: 0.153 Thread 0x0000020cd6bdaf70 Thread added: 0x0000020cc529b8e0


Dynamic libraries:
0x00007ff789c50000 - 0x00007ff789c60000 	C:\Program Files\Java\jdk-22\bin\java.exe
0x00007ffd6b3c0000 - 0x00007ffd6b627000 	C:\WINDOWS\SYSTEM32\ntdll.dll
0x00007ffd69700000 - 0x00007ffd697cb000 	C:\WINDOWS\System32\KERNEL32.DLL
0x00007ffd687c0000 - 0x00007ffd68bc1000 	C:\WINDOWS\System32\KERNELBASE.dll
0x00007ffd68d90000 - 0x00007ffd68edc000 	C:\WINDOWS\System32\ucrtbase.dll
0x00007ffd5b7b0000 - 0x00007ffd5b7cb000 	C:\Program Files\Java\jdk-22\bin\VCRUNTIME140.dll
0x00007ffd5efa0000 - 0x00007ffd5efb7000 	C:\Program Files\Java\jdk-22\bin\jli.dll
0x00007ffd697d0000 - 0x00007ffd699a7000 	C:\WINDOWS\System32\USER32.dll
0x00007ffd68bd0000 - 0x00007ffd68bf7000 	C:\WINDOWS\System32\win32u.dll
0x00007ffd69370000 - 0x00007ffd6939b000 	C:\WINDOWS\System32\GDI32.dll
0x00007ffd4d3e0000 - 0x00007ffd4d670000 	C:\WINDOWS\WinSxS\amd64_microsoft.windows.common-controls_6595b64144ccf1df_6.0.26100.9549_none_3e0a0396e3330090\COMCTL32.dll
0x00007ffd6ad60000 - 0x00007ffd6ae09000 	C:\WINDOWS\System32\msvcrt.dll
0x00007ffd68fb0000 - 0x00007ffd690d8000 	C:\WINDOWS\System32\gdi32full.dll
0x00007ffd685c0000 - 0x00007ffd68663000 	C:\WINDOWS\System32\msvcp_win.dll
0x00007ffd6ab80000 - 0x00007ffd6abb1000 	C:\WINDOWS\System32\IMM32.DLL
0x00007ffd602f0000 - 0x00007ffd602fc000 	C:\Program Files\Java\jdk-22\bin\vcruntime140_1.dll
0x00007ffd55190000 - 0x00007ffd5521e000 	C:\Program Files\Java\jdk-22\bin\msvcp140.dll
0x00007ffce1ee0000 - 0x00007ffce2c29000 	C:\Program Files\Java\jdk-22\bin\server\jvm.dll
0x00007ffd6aac0000 - 0x00007ffd6ab7b000 	C:\WINDOWS\System32\ADVAPI32.dll
0x00007ffd6a6b0000 - 0x00007ffd6a758000 	C:\WINDOWS\System32\sechost.dll
0x00007ffd6a780000 - 0x00007ffd6a898000 	C:\WINDOWS\System32\RPCRT4.dll
0x00007ffd693a0000 - 0x00007ffd69421000 	C:\WINDOWS\System32\WS2_32.dll
0x00007ffd68430000 - 0x00007ffd6848e000 	C:\WINDOWS\SYSTEM32\POWRPROF.dll
0x00007ffd5c620000 - 0x00007ffd5c657000 	C:\WINDOWS\SYSTEM32\WINMM.dll
0x00007ffd60ef0000 - 0x00007ffd60efb000 	C:\WINDOWS\SYSTEM32\VERSION.dll
0x00007ffd68410000 - 0x00007ffd68425000 	C:\WINDOWS\SYSTEM32\UMPDC.dll
0x00007ffd67240000 - 0x00007ffd6725b000 	C:\WINDOWS\SYSTEM32\kernel.appcore.dll
0x00007ffd601c0000 - 0x00007ffd601ca000 	C:\Program Files\Java\jdk-22\bin\jimage.dll
0x00007ffd65610000 - 0x00007ffd6585c000 	C:\WINDOWS\SYSTEM32\DBGHELP.DLL
0x00007ffd6aff0000 - 0x00007ffd6b37a000 	C:\WINDOWS\System32\combase.dll
0x00007ffd6a8b0000 - 0x00007ffd6a989000 	C:\WINDOWS\System32\OLEAUT32.dll
0x00007ffd4c500000 - 0x00007ffd4c53b000 	C:\WINDOWS\SYSTEM32\dbgcore.DLL
0x00007ffd68ef0000 - 0x00007ffd68f9c000 	C:\WINDOWS\System32\bcryptPrimitives.dll
0x00007ffd5b6b0000 - 0x00007ffd5b6ce000 	C:\Program Files\Java\jdk-22\bin\java.dll
0x00007ffd699b0000 - 0x00007ffd6a14c000 	C:\WINDOWS\System32\SHELL32.dll
0x00007ffd6abc0000 - 0x00007ffd6ad5a000 	C:\WINDOWS\System32\ole32.dll
0x00007ffd65fc0000 - 0x00007ffd6686d000 	C:\WINDOWS\SYSTEM32\windows.storage.dll
0x00007ffd6a990000 - 0x00007ffd6aa89000 	C:\WINDOWS\System32\SHCORE.dll
0x00007ffd6a160000 - 0x00007ffd6a1c6000 	C:\WINDOWS\System32\shlwapi.dll
0x00007ffd684d0000 - 0x00007ffd684f9000 	C:\WINDOWS\SYSTEM32\profapi.dll
0x00007ffd5f6f0000 - 0x00007ffd5f700000 	C:\Program Files\Java\jdk-22\bin\net.dll
0x00007ffd67820000 - 0x00007ffd6788c000 	C:\WINDOWS\system32\mswsock.dll
0x00007ffd55270000 - 0x00007ffd55286000 	C:\Program Files\Java\jdk-22\bin\nio.dll
0x00007ffd55250000 - 0x00007ffd55267000 	C:\Program Files\Java\jdk-22\bin\zip.dll

dbghelp: loaded successfully - version: 4.0.5 - missing functions: none
symbol engine: initialized successfully - sym options: 0x614 - pdb path: .;C:\Program Files\Java\jdk-22\bin;C:\WINDOWS\SYSTEM32;C:\WINDOWS\WinSxS\amd64_microsoft.windows.common-controls_6595b64144ccf1df_6.0.26100.9549_none_3e0a0396e3330090;C:\Program Files\Java\jdk-22\bin\server

VM Arguments:
jvm_args: -XX:TieredStopAtLevel=1 
java_command: com.example.nhungtrinhstore.NhungtrinhstoreApplication
java_class_path (initial): D:\Code\nhungtrinhstore\target\classes;C:\Users\TuanAnh\.m2\repository\org\springframework\boot\spring-boot-jackson\4.1.1\spring-boot-jackson-4.1.1.jar;C:\Users\TuanAnh\.m2\repository\tools\jackson\core\jackson-databind\3.1.5\jackson-databind-3.1.5.jar;C:\Users\TuanAnh\.m2\repository\com\fasterxml\jackson\core\jackson-annotations\2.21\jackson-annotations-2.21.jar;C:\Users\TuanAnh\.m2\repository\tools\jackson\core\jackson-core\3.1.5\jackson-core-3.1.5.jar;C:\Users\TuanAnh\.m2\repository\org\springframework\boot\spring-boot-web-server\4.1.1\spring-boot-web-server-4.1.1.jar;C:\Users\TuanAnh\.m2\repository\org\apache\tomcat\embed\tomcat-embed-core\11.0.24\tomcat-embed-core-11.0.24.jar;C:\Users\TuanAnh\.m2\repository\org\apache\tomcat\embed\tomcat-embed-websocket\11.0.24\tomcat-embed-websocket-11.0.24.jar;C:\Users\TuanAnh\.m2\repository\org\springframework\boot\spring-boot-tomcat\4.1.1\spring-boot-tomcat-4.1.1.jar;C:\Users\TuanAnh\.m2\repository\org\springframework\boot\spring-boot-http-converter\4.1.1\spring-boot-http-converter-4.1.1.jar;C:\Users\TuanAnh\.m2\repository\org\springframework\boot\spring-boot\4.1.1\spring-boot-4.1.1.jar;C:\Users\TuanAnh\.m2\repository\org\springframework\spring-context\7.0.9\spring-context-7.0.9.jar;C:\Users\TuanAnh\.m2\repository\org\springframework\spring-web\7.0.9\spring-web-7.0.9.jar;C:\Users\TuanAnh\.m2\repository\org\springframework\spring-beans\7.0.9\spring-beans-7.0.9.jar;C:\Users\TuanAnh\.m2\repository\io\micrometer\micrometer-observation\1.17.1\micrometer-observation-1.17.1.jar;C:\Users\TuanAnh\.m2\repository\io\micrometer\micrometer-commons\1.17.1\micrometer-commons-1.17.1.jar;C:\Users\TuanAnh\.m2\repository\org\springframework\boot\spring-boot-webmvc\4.1.1\spring-boot-webmvc-4.1.1.jar;C:\Users\TuanAnh\.m2\repository\org\springframework\boot\spring-boot-servlet\4.1.1\spring-boot-servlet-4.1.1.jar;C:\Users\TuanAnh\.m2\repository\org\springframework\spring-webmvc\7.0.9\spring-webmvc-7.0.9.jar;C:\Users\TuanAnh\.m2\repository\org\springframework\spring-aop\7.0.9\spring-aop-7.0.9.jar;C:\Users\TuanAnh\.m2\repository\org\springframework\spring-expression\7.0.9\spring-expression-7.0.9.jar;C:\Users\TuanAnh\.m2\repository\ch\qos\logback\logback-classic\1.5.38\logback-classic-1.5.38.jar;C:\Users\TuanAnh\.m2\repository\ch\qos\logback\logback-core\1.5.38\logback-core-1.5.38.jar;C:\Users\TuanAnh\.m2\repository\org\apache\logging\log4j\log4j-to-slf4j\2.25.5\log4j-to-slf4j-2.25.5.jar;C:\Users\TuanAnh\.m2\repository\org\apache\logging\log4j\log4j-api\2.25.5\log4j-api-2.25.5.jar;C:\Users\TuanAnh\.m2\repository\org\slf4j\jul-to-slf4j\2.0.18\jul-to-slf4j-2.0.18.jar;C:\Users\TuanAnh\.m2\repository\org\springframework\boot\spring-boot-autoconfigure\4.1.1\spring-boot-autoconfigure-4.1.1.jar;C:\Users\TuanAnh\.m2\repository\jakarta\annotation\jakarta.annotation-api\3.0.0\jakarta.annotation-api-3.0.0.jar;C:\Users\TuanAnh\.m2\repository\org\yaml\snakeyaml\2.6\snakeyaml-2.6.jar;C:\Users\TuanAnh\.m2\repository\com\zaxxer\HikariCP\7.0.2\HikariCP-7.0.2.jar;C:\Users\TuanAnh\.m2\repository\org\springframework\boot\spring-boot-data-jpa\4.1.1\spring-boot-data-jpa-4.1.1.jar;C:\Users\TuanAnh\.m2\repository\org\springframework\boot\spring-boot-data-commons\4.1.1\spring-boot-data-commons-4.1.1.jar;C:\Users\TuanAnh\.m2\repository\org\springframework\boot\spring-boot-persistence\4.1.1\spring-boot-persistence-4.1.1.jar;C:\Users\TuanAnh\.m2\repository\org\springframework\data\spring-data-commons\4.1.1\spring-data-commons-4.1.1.jar;C:\Users\TuanAnh\.m2\repository\org\springframework\boot\spring-boot-hibernate\4.1.1\spring-boot-hibernate-4.1.1.jar;C:\Users\TuanAnh\.m2\repository\org\springframework\boot\spring-boot-jpa\4.1.1\spring-boot-jpa-4.1.1.jar;C:\Users\TuanAnh\.m2\repository\jakarta\persistence\jakarta.persistence-api\3.2.0\jakarta.persistence-api-3.2.0.jar;C:\Users\TuanAnh\.m2\repository\org\hibernate\orm\hibernate-core\7.4.5.Final\hibernate-core-7.4.5.Final.jar;C:\Users\TuanAnh\.m2\repository\jakarta\transaction\jakarta.transaction-api\2.0.1\jakarta.transaction-api-2.0.1.jar;C:\Users\TuanAnh\.m2\repository\org\hibernate\models\hibernate-models\1.1.1\hibernate-models-1.1.1.jar;C:\Users\TuanAnh\.m2\repository\org\glassfish\jaxb\jaxb-runtime\4.0.9\jaxb-runtime-4.0.9.jar;C:\Users\TuanAnh\.m2\repository\org\glassfish\jaxb\jaxb-core\4.0.9\jaxb-core-4.0.9.jar;C:\Users\TuanAnh\.m2\repository\org\eclipse\angus\angus-activation\2.0.3\angus-activation-2.0.3.jar;C:\Users\TuanAnh\.m2\repository\org\glassfish\jaxb\txw2\4.0.9\txw2-4.0.9.jar;C:\Users\TuanAnh\.m2\repository\com\sun\istack\istack-commons-runtime\4.1.2\istack-commons-runtime-4.1.2.jar;C:\Users\TuanAnh\.m2\repository\jakarta\inject\jakarta.inject-api\2.0.1\jakarta.inject-api-2.0.1.jar;C:\Users\TuanAnh\.m2\repository\org\springframework\spring-orm\7.0.9\spring-orm-7.0.9.jar;C:\Users\TuanAnh\.m2\repository\org\springframework\data\spring-data-jpa\4.1.1\spring-data-jpa-4.1.1.jar;C:\Users\TuanAnh\.m2\repository\org\springframework\spring-tx\7.0.9\spring-tx-7.0.9.jar;C:\Users\TuanAnh\.m2\repository\org\antlr\antlr4-runtime\4.13.2\antlr4-runtime-4.13.2.jar;C:\Users\TuanAnh\.m2\repository\org\springframework\spring-aspects\7.0.9\spring-aspects-7.0.9.jar;C:\Users\TuanAnh\.m2\repository\org\aspectj\aspectjweaver\1.9.25.1\aspectjweaver-1.9.25.1.jar;C:\Users\TuanAnh\.m2\repository\org\springframework\boot\spring-boot-jdbc\4.1.1\spring-boot-jdbc-4.1.1.jar;C:\Users\TuanAnh\.m2\repository\org\springframework\boot\spring-boot-sql\4.1.1\spring-boot-sql-4.1.1.jar;C:\Users\TuanAnh\.m2\repository\org\springframework\boot\spring-boot-transaction\4.1.1\spring-boot-transaction-4.1.1.jar;C:\Users\TuanAnh\.m2\repository\org\springframework\spring-jdbc\7.0.9\spring-jdbc-7.0.9.jar;C:\Users\TuanAnh\.m2\repository\org\springframework\boot\spring-boot-validation\4.1.1\spring-boot-validation-4.1.1.jar;C:\Users\TuanAnh\.m2\repository\org\apache\tomcat\embed\tomcat-embed-el\11.0.24\tomcat-embed-el-11.0.24.jar;C:\Users\TuanAnh\.m2\repository\org\hibernate\validator\hibernate-validator\9.1.3.Final\hibernate-validator-9.1.3.Final.jar;C:\Users\TuanAnh\.m2\repository\jakarta\validation\jakarta.validation-api\3.1.1\jakarta.validation-api-3.1.1.jar;C:\Users\TuanAnh\.m2\repository\org\jboss\logging\jboss-logging\3.6.3.Final\jboss-logging-3.6.3.Final.jar;C:\Users\TuanAnh\.m2\repository\com\fasterxml\classmate\1.7.3\classmate-1.7.3.jar;C:\Users\TuanAnh\.m2\repository\org\postgresql\postgresql\42.7.13\postgresql-42.7.13.jar;C:\Users\TuanAnh\.m2\repository\org\checkerframework\checker-qual\3.55.1\checker-qual-3.55.1.jar;C:\Users\TuanAnh\.m2\repository\org\slf4j\slf4j-api\2.0.18\slf4j-api-2.0.18.jar;C:\Users\TuanAnh\.m2\repository\jakarta\xml\bind\jakarta.xml.bind-api\4.0.5\jakarta.xml.bind-api-4.0.5.jar;C:\Users\TuanAnh\.m2\repository\jakarta\activation\jakarta.activation-api\2.1.4\jakarta.activation-api-2.1.4.jar;C:\Users\TuanAnh\.m2\repository\net\bytebuddy\byte-buddy\1.18.11\byte-buddy-1.18.11.jar;C:\Users\TuanAnh\.m2\repository\org\springframework\spring-core\7.0.9\spring-core-7.0.9.jar;C:\Users\TuanAnh\.m2\repository\commons-logging\commons-logging\1.3.6\commons-logging-1.3.6.jar;C:\Users\TuanAnh\.m2\repository\org\jspecify\jspecify\1.0.1\jspecify-1.0.1.jar
Launcher Type: SUN_STANDARD

[Global flags]
     intx CICompilerCount                          = 12                                        {product} {ergonomic}
     uint ConcGCThreads                            = 3                                         {product} {ergonomic}
     uint G1ConcRefinementThreads                  = 13                                        {product} {ergonomic}
   size_t G1HeapRegionSize                         = 2097152                                   {product} {ergonomic}
   size_t InitialHeapSize                          = 257949696                                 {product} {ergonomic}
   size_t MarkStackSize                            = 4194304                                   {product} {ergonomic}
   size_t MaxHeapSize                              = 4097835008                                {product} {ergonomic}
   size_t MaxNewSize                               = 2457862144                                {product} {ergonomic}
   size_t MinHeapDeltaBytes                        = 2097152                                   {product} {ergonomic}
   size_t MinHeapSize                              = 8388608                                   {product} {ergonomic}
    uintx NonNMethodCodeHeapSize                   = 4096                                   {pd product} {ergonomic}
    uintx NonProfiledCodeHeapSize                  = 0                                      {pd product} {ergonomic}
     bool ProfileInterpreter                       = false                                  {pd product} {command line}
    uintx ProfiledCodeHeapSize                     = 0                                      {pd product} {ergonomic}
   size_t SoftMaxHeapSize                          = 4097835008                             {manageable} {ergonomic}
     intx TieredStopAtLevel                        = 1                                         {product} {command line}
     bool UseCompressedOops                        = true                           {product lp64_product} {ergonomic}
     bool UseG1GC                                  = true                                      {product} {ergonomic}
     bool UseLargePagesIndividualAllocation        = false                                  {pd product} {ergonomic}

Logging:
Log output configuration:
 #0: stdout all=warning uptime,level,tags foldmultilines=false
 #1: stderr all=off uptime,level,tags foldmultilines=false

Environment Variables:
PATH=C:\Program Files (x86)\VMware\VMware Workstation\bin\;C:\Program Files\Common Files\Oracle\Java\javapath;C:\Windows\system32;C:\Windows;C:\Windows\System32\Wbem;C:\Windows\System32\WindowsPowerShell\v1.0\;C:\Windows\System32\OpenSSH\;C:\Program Files (x86)\NVIDIA Corporation\PhysX\Common;C:\Program Files\NVIDIA Corporation\NVIDIA NvDLISR;C:\WINDOWS\system32;C:\WINDOWS;C:\WINDOWS\System32\Wbem;C:\WINDOWS\System32\WindowsPowerShell\v1.0\;C:\WINDOWS\System32\OpenSSH\;D:\mingw64\bin;C:\Program Files\dotnet\;C:\Users\TuanAnh\AppData\Local\Microsoft\WindowsApps\python.exe;D:\page;C:\Users\TuanAnh\apache-maven-3.9.11\bin;C:\Program Files\nodejs\;C:\Program Files\k6\;C:\Program Files\Amazon\AWSCLIV2\;C:\Program Files\Git\cmd;C:\Users\TuanAnh\anaconda3;C:\Users\TuanAnh\anaconda3\Library\mingw-w64\bin;C:\Users\TuanAnh\anaconda3\Library\usr\bin;C:\Users\TuanAnh\anaconda3\Library\bin;C:\Users\TuanAnh\anaconda3\Scripts;C:\Users\TuanAnh\AppData\Local\Programs\Python\Python313\Scripts\;C:\Users\TuanAnh\AppData\Local\Programs\Python\Python313\;C:\Users\TuanAnh\AppData\Local\Programs\Python\Launcher\;C:\Users\TuanAnh\AppData\Local\Microsoft\WindowsApps;C:\Users\TuanAnh\AppData\Local\GitHubDesktop\bin;C:\Program Files\JetBrains\DataGrip 2026.2.2\bin;C:\Program Files\JetBrains\IntelliJ IDEA Community Edition 2024.2.4\bin;;C:\Users\TuanAnh\AppData\Roaming\npm;C:\Users\TuanAnh\AppData\Local\Programs\Microsoft VS Code\bin;C:\Users\TuanAnh\AppData\Local\Programs\cursor\resources\app\bin;C:\Users\TuanAnh\AppData\Local\Programs\Antigravity\bin;C:\Users\TuanAnh\AppData\Local\Kingsoft\WPS Office\12.1.0.27458\clitool;C:\Users\TuanAnh\AppData\Local\Programs\Antigravity IDE\bin;C:\Users\TuanAnh\AppData\Local\Programs\DockerDesktop\resources\bin
USERNAME=DinhQuoc
OS=Windows_NT
PROCESSOR_IDENTIFIER=AMD64 Family 25 Model 68 Stepping 1, AuthenticAMD
TMP=C:\Users\TuanAnh\AppData\Local\Temp
TEMP=C:\Users\TuanAnh\AppData\Local\Temp




Periodic native trim disabled

---------------  S Y S T E M  ---------------

OS:
 Windows 11 , 64 bit Build 26100 (10.0.26100.9549)
OS uptime: 0 days 5:18 hours
Hyper-V role detected

CPU: total 16 (initial active 16) (16 cores per cpu, 2 threads per core) family 25 model 68 stepping 1 microcode 0xa404102, cx8, cmov, fxsr, ht, mmx, 3dnowpref, sse, sse2, sse3, ssse3, sse4a, sse4.1, sse4.2, popcnt, lzcnt, tsc, tscinvbit, avx, avx2, aes, erms, clmul, bmi1, bmi2, adx, sha, fma, vzeroupper, clflush, clflushopt, hv, rdtscp, rdpid, fsrm, f16c, cet_ss
Processor Information for all 16 processors :
  Max Mhz: 3201, Current Mhz: 3201, Mhz Limit: 3201

Memory: 4k page, system-wide physical 15628M (350M free)
TotalPageFile size 20853M (AvailPageFile size 60M)
current process WorkingSet (physical memory assigned to process): 44M, peak: 44M
current process commit charge ("private bytes"): 338M, peak: 338M

vm_info: Java HotSpot(TM) 64-Bit Server VM (22.0.2+9-70) for windows-amd64 JRE (22.0.2+9-70), built on 2024-06-04T16:52:23Z by "mach5one" with MS VC++ 17.6 (VS2022)

END.
